[Licensing::Module] Trying to connect to existing licensing client channel...
Built from '6000.2/staging' branch; Version is '6000.2.13f1 (abdb44fca7f7) revision 11262788'; Using compiler version '194234433'; Build Type 'Release'
OS: 'Windows 11  (10.0.22621) 64bit Professional' Language: 'en' Physical Memory: 32174 MB
BatchMode: 1, IsHumanControllingUs: 0, StartBugReporterOnCrash: 0, Is64bit: 1
[Licensing::IpcConnector] Successfully connected to: "LicenseClient-shrip" at "2025-11-19T20:34:39.4597346Z"
Date: 2025-11-19T20:34:39Z

COMMAND LINE ARGUMENTS:
C:\Program Files\Unity\Hub\Editor\6000.2.13f1\Editor\Unity.exe
-adb2
-batchMode
-noUpm
-name
AssetImportWorker0
-projectPath
H:/Work Projects/TinySea/tinysea
-logFile
Logs/AssetImportWorker0.log
-srvPort
62404
-licensingIpc
LicenseClient-shrip
-job-worker-count
7
-background-job-worker-count
8
-gc-helper-count
1
-name
AssetImport
Successfully changed project path to: H:/Work Projects/TinySea/tinysea
H:/Work Projects/TinySea/tinysea
[UnityMemory] Configuration Parameters - Can be set up in boot.config
    "memorysetup-allocator-temp-initial-block-size-main=262144"
    "memorysetup-allocator-temp-initial-block-size-worker=262144"
    "memorysetup-bucket-allocator-granularity=16"
    "memorysetup-bucket-allocator-bucket-count=8"
    "memorysetup-bucket-allocator-block-size=33554432"
    "memorysetup-bucket-allocator-block-count=8"
    "memorysetup-main-allocator-block-size=16777216"
    "memorysetup-thread-allocator-block-size=16777216"
    "memorysetup-gfx-main-allocator-block-size=16777216"
    "memorysetup-gfx-thread-allocator-block-size=16777216"
    "memorysetup-cache-allocator-block-size=4194304"
    "memorysetup-typetree-allocator-block-size=2097152"
    "memorysetup-profiler-bucket-allocator-granularity=16"
    "memorysetup-profiler-bucket-allocator-bucket-count=8"
    "memorysetup-profiler-bucket-allocator-block-size=33554432"
    "memorysetup-profiler-bucket-allocator-block-count=8"
    "memorysetup-profiler-allocator-block-size=16777216"
    "memorysetup-profiler-editor-allocator-block-size=1048576"
    "memorysetup-temp-allocator-size-main=16777216"
    "memorysetup-job-temp-allocator-block-size=2097152"
    "memorysetup-job-temp-allocator-block-size-background=1048576"
    "memorysetup-job-temp-allocator-reduction-small-platforms=262144"
    "memorysetup-temp-allocator-size-background-worker=32768"
    "memorysetup-temp-allocator-size-job-worker=262144"
    "memorysetup-temp-allocator-size-preload-manager=33554432"
    "memorysetup-temp-allocator-size-nav-mesh-worker=65536"
    "memorysetup-temp-allocator-size-audio-worker=65536"
    "memorysetup-temp-allocator-size-cloud-worker=32768"
    "memorysetup-temp-allocator-size-gi-baking-worker=262144"
    "memorysetup-temp-allocator-size-gi-baking-worker=262144"
    "memorysetup-temp-allocator-size-gi-baking-worker=262144"
    "memorysetup-temp-allocator-size-gi-baking-worker=262144"
    "memorysetup-temp-allocator-size-gi-baking-worker=262144"
    "memorysetup-temp-allocator-size-gfx=262144"
Player connection [27428]  Target information:

Player connection [27428]  * "[IP] 10.0.0.216 [Port] 0 [Flags] 2 [Guid] 3590525003 [EditorId] 3590525003 [Version] 1048832 [Id] WindowsEditor(7,ShripadsSTRIX17Laptop) [Debug] 1 [PackageName] WindowsEditor [ProjectName] Editor" 

Player connection [27428]  * "[IP] 172.22.32.1 [Port] 0 [Flags] 2 [Guid] 3590525003 [EditorId] 3590525003 [Version] 1048832 [Id] WindowsEditor(7,ShripadsSTRIX17Laptop) [Debug] 1 [PackageName] WindowsEditor [ProjectName] Editor" 

Player connection [27428]  * "[IP] 10.5.0.2 [Port] 0 [Flags] 2 [Guid] 3590525003 [EditorId] 3590525003 [Version] 1048832 [Id] WindowsEditor(7,ShripadsSTRIX17Laptop) [Debug] 1 [PackageName] WindowsEditor [ProjectName] Editor" 

Player connection [27428]  * "[IP] 10.0.0.145 [Port] 0 [Flags] 2 [Guid] 3590525003 [EditorId] 3590525003 [Version] 1048832 [Id] WindowsEditor(7,ShripadsSTRIX17Laptop) [Debug] 1 [PackageName] WindowsEditor [ProjectName] Editor" 

Player connection [27428]  * "[IP] 192.168.137.1 [Port] 0 [Flags] 2 [Guid] 3590525003 [EditorId] 3590525003 [Version] 1048832 [Id] WindowsEditor(7,ShripadsSTRIX17Laptop) [Debug] 1 [PackageName] WindowsEditor [ProjectName] Editor" 

Player connection [27428] Host joined multi-casting on [225.0.0.222:54997]...
Player connection [27428] Host joined alternative multi-casting on [225.0.0.222:34997]...
JobSystem: Creating JobQueue using job-worker-count value 7
Input System module state changed to: Initialized.
[Physics::Module] Initialized fallback backend.
[Physics::Module] Id: 0xdecafbad
Library Redirect Path: Library/
[Physics::Module] Selected backend.
[Physics::Module] Name: PhysX
[Physics::Module] Id: 0xf2b8ea05
[Physics::Module] SDK Version: 4.1.2
[Physics::Module] Integration Version: 1.0.0
[Physics::Module] Threading Mode: Multi-Threaded
ETC Legacy compression has been deprecated and will be removed in a future release. You can review compressors in "Project Settings > Editor > Texture Compressors".
Refreshing native plugins compatible for Editor in 9.60 ms, found 2 plugins.
Preloading 0 native plugins for Editor in 0.00 ms.
Initialize engine version: 6000.2.13f1 (abdb44fca7f7)
[Subsystems] Discovering subsystems at path C:/Program Files/Unity/Hub/Editor/6000.2.13f1/Editor/Data/Resources/UnitySubsystems
[Subsystems] Discovering subsystems at path H:/Work Projects/TinySea/tinysea/Assets
GfxDevice: creating device client; kGfxThreadingModeNonThreaded
Direct3D:
    Version:  Direct3D 11.0 [level 11.1]
    Renderer: NVIDIA GeForce RTX 3080 Laptop GPU (ID=0x249c)
    Vendor:   NVIDIA
    VRAM:     16177 MB
    Driver:   32.0.15.8157
Initialize mono
Mono path[0] = 'C:/Program Files/Unity/Hub/Editor/6000.2.13f1/Editor/Data/Managed'
Mono path[1] = 'C:/Program Files/Unity/Hub/Editor/6000.2.13f1/Editor/Data/MonoBleedingEdge/lib/mono/unityjit-win32'
Mono config path = 'C:/Program Files/Unity/Hub/Editor/6000.2.13f1/Editor/Data/MonoBleedingEdge/etc'
Using monoOptions --debugger-agent=transport=dt_socket,embedding=1,server=y,suspend=n,address=127.0.0.1:56256
Begin MonoManager ReloadAssembly
Registering precompiled unity dll's ...
Register platform support module: C:/Program Files/Unity/Hub/Editor/6000.2.13f1/Editor/Data/PlaybackEngines/WebGLSupport/UnityEditor.WebGL.Extensions.dll
Register platform support module: C:/Program Files/Unity/Hub/Editor/6000.2.13f1/Editor/Data/PlaybackEngines/WindowsStandaloneSupport/UnityEditor.WindowsStandalone.Extensions.dll
Registered in 0.003267 seconds.
[Licensing::Client] Error: HandshakeResponse reported an error:
	ResponseCode: 505
	ResponseStatus: Unsupported protocol version '1.17.4'.
[Licensing::Module] Error: Failed to handshake to channel: "LicenseClient-shrip"
[Licensing::IpcConnector] LicenseClient-shrip channel disconnected successfully.
[Licensing::IpcConnector] Successfully connected to: "LicenseClient-shrip-6000.2.13" at "2025-11-19T20:34:40.7192035Z"
- Loaded All Assemblies, in  0.720 seconds
Native extension for WindowsStandalone target not found
Native extension for WebGL target not found
Mono: successfully reloaded assembly
- Finished resetting the current domain, in  0.478 seconds
Domain Reload Profiling: 1195ms
	BeginReloadAssembly (285ms)
		ExecutionOrderSort (0ms)
		DisableScriptedObjects (0ms)
		BackupInstance (0ms)
		ReleaseScriptingObjects (0ms)
		CreateAndSetChildDomain (1ms)
	RebuildCommonClasses (64ms)
	RebuildNativeTypeToScriptingClass (16ms)
	initialDomainReloadingComplete (70ms)
	LoadAllAssembliesAndSetupDomain (282ms)
		LoadAssemblies (280ms)
		RebuildTransferFunctionScriptingTraits (0ms)
		AnalyzeDomain (276ms)
			TypeCache.Refresh (274ms)
				TypeCache.ScanAssembly (247ms)
			BuildScriptInfoCaches (0ms)
			ResolveRequiredComponents (1ms)
	FinalizeReload (479ms)
		ReleaseScriptCaches (0ms)
		RebuildScriptCaches (0ms)
		SetupLoadedEditorAssemblies (431ms)
			LogAssemblyErrors (0ms)
			InitializePlatformSupportModulesInManaged (66ms)
			SetLoadedEditorAssemblies (6ms)
			BeforeProcessingInitializeOnLoad (101ms)
			ProcessInitializeOnLoadAttributes (184ms)
			ProcessInitializeOnLoadMethodAttributes (74ms)
			AfterProcessingInitializeOnLoad (0ms)
			EditorAssembliesLoaded (0ms)
		ExecutionOrderSort2 (0ms)
		AwakeInstancesAfterBackupRestoration (0ms)
========================================================================
Worker process is ready to serve import requests
Import Worker Mode flag is 0x00
[Licensing::Client] Handshaking with LicensingClient:
  Version:                 1.17.4+4293ba1
  Session Id:              2df603df869247949faa94b2a9c487d7
  Correlation Id:          c83d4d9f44f74e2f65acc34b695557f1
  External correlation Id: 6463120729045845173
  Machine Id:              nsmIWAH4BkF+jCv/x6k4yYNGEHU=
[Licensing::Module] Successfully connected to LicensingClient on channel: "LicenseClient-shrip-6000.2.13" (connect: 0.00s, validation: 0.00s, handshake: 0.94s)
[Licensing::IpcConnector] Successfully connected to: "LicenseClient-shrip-6000.2.13-notifications" at "2025-11-19T20:34:41.6611973Z"
[Licensing::Module] Licensing Background thread has ended after 2.20s
Begin MonoManager ReloadAssembly
[Licensing::Client] Successfully resolved entitlement details
[Licensing::Module] License group:
  Id: F4-XB28-HQ7U-VENN-N7SU-XXXX
  Product: Unity Personal
  Type: ULF
  Expiration: 2025-12-03T15:25:24Z
[Licensing::Module] License group:
  Id: 2474913172105-UnityPersXXXX
  Product: Unity Personal
  Type: Assigned
  Expiration: Unlimited
Symbol file LoadedFromMemory is not a mono symbol file
- Loaded All Assemblies, in  0.801 seconds
Refreshing native plugins compatible for Editor in 4.18 ms, found 2 plugins.
Native extension for WindowsStandalone target not found
Native extension for WebGL target not found
Refreshing native plugins compatible for Editor in 3.99 ms, found 2 plugins.
Package Manager log level set to [2]
[Package Manager] Failed to launch server process. Reason: Unity was launched with the -noUpm command-line argument
[Package Manager] Unable to send message (not connected to server process).
[Package Manager] Cannot connect to Unity Package Manager local server
Mono: successfully reloaded assembly
- Finished resetting the current domain, in  1.091 seconds
Domain Reload Profiling: 1890ms
	BeginReloadAssembly (213ms)
		ExecutionOrderSort (0ms)
		DisableScriptedObjects (9ms)
		BackupInstance (0ms)
		ReleaseScriptingObjects (0ms)
		CreateAndSetChildDomain (39ms)
	RebuildCommonClasses (38ms)
	RebuildNativeTypeToScriptingClass (12ms)
	initialDomainReloadingComplete (42ms)
	LoadAllAssembliesAndSetupDomain (494ms)
		LoadAssemblies (441ms)
		RebuildTransferFunctionScriptingTraits (0ms)
		AnalyzeDomain (158ms)
			TypeCache.Refresh (114ms)
				TypeCache.ScanAssembly (100ms)
			BuildScriptInfoCaches (37ms)
			ResolveRequiredComponents (4ms)
	FinalizeReload (1091ms)
		ReleaseScriptCaches (0ms)
		RebuildScriptCaches (0ms)
		SetupLoadedEditorAssemblies (964ms)
			LogAssemblyErrors (0ms)
			InitializePlatformSupportModulesInManaged (3ms)
			SetLoadedEditorAssemblies (7ms)
			BeforeProcessingInitializeOnLoad (159ms)
			ProcessInitializeOnLoadAttributes (607ms)
			ProcessInitializeOnLoadMethodAttributes (182ms)
			AfterProcessingInitializeOnLoad (6ms)
			EditorAssembliesLoaded (0ms)
		ExecutionOrderSort2 (0ms)
		AwakeInstancesAfterBackupRestoration (6ms)
ETC Legacy compression has been deprecated and will be removed in a future release. You can review compressors in "Project Settings > Editor > Texture Compressors".
Launched and connected shader compiler UnityShaderCompiler.exe after 0.01 seconds
Refreshing native plugins compatible for Editor in 3.42 ms, found 2 plugins.
Preloading 0 native plugins for Editor in 0.00 ms.
Unloading 0 Unused Serialized files (Serialized files now loaded: 0)
Unloading 3020 unused Assets / (0.9 MB). Loaded Objects now: 3489.
Memory consumption went from 78.6 MB to 77.6 MB.
Total: 11.567100 ms (FindLiveObjects: 0.467700 ms CreateObjectMapping: 0.249700 ms MarkObjects: 9.897800 ms  DeleteObjects: 0.950500 ms)

========================================================================
Received Import Request.
  Time since last request: 107561.403245 seconds.
  path: Assets/scenes/new_ui_scene.unity
  artifactKey: Guid(b847dc33fa0be284a9d844a331bb5144) Importer(815301076,1909f56bfc062723c751e8b465ee728b)
Start importing Assets/scenes/new_ui_scene.unity using Guid(b847dc33fa0be284a9d844a331bb5144) Importer(815301076,1909f56bfc062723c751e8b465ee728b) (PreviewImporter) -> (artifact id: 'fc2b62b58fdd8466cadaf26f181686c5') in 0.0058602 seconds
Number of updated asset objects reloaded before import = 0Number of asset objects unloaded after import = 0

========================================================================
Received Import Request.
  Time since last request: 3.642323 seconds.
  path: Assets/art/Materials
  artifactKey: Guid(14f873d616565134db6a41fe371aa153) Importer(2089858483,192608db42251d675da83286b1cce702)
Start importing Assets/art/Materials using Guid(14f873d616565134db6a41fe371aa153) Importer(2089858483,192608db42251d675da83286b1cce702) (ScriptedImporter) -> (artifact id: '065f2bf42594676164ed801bd2524aa5') in 0.074839 seconds
Number of updated asset objects reloaded before import = 0Number of asset objects unloaded after import = 1

========================================================================
Received Import Request.
  Time since last request: 0.000092 seconds.
  path: Assets/Animations/Tutorial Animations/Tutorial 1.D Animations
  artifactKey: Guid(43ce6ef04380a9443854c13d8ccf3374) Importer(2089858483,192608db42251d675da83286b1cce702)
Start importing Assets/Animations/Tutorial Animations/Tutorial 1.D Animations using Guid(43ce6ef04380a9443854c13d8ccf3374) Importer(2089858483,192608db42251d675da83286b1cce702) (ScriptedImporter) -> (artifact id: 'd762cbbaeb8c555ed0076ed4106430f5') in 0.0153378 seconds
Number of updated asset objects reloaded before import = 0Number of asset objects unloaded after import = 1

========================================================================
Received Import Request.
  Time since last request: 0.000058 seconds.
  path: Assets/Materials
  artifactKey: Guid(0361f6c57be314c4a853357334de80ec) Importer(2089858483,192608db42251d675da83286b1cce702)
Start importing Assets/Materials using Guid(0361f6c57be314c4a853357334de80ec) Importer(2089858483,192608db42251d675da83286b1cce702) (ScriptedImporter) -> (artifact id: '8685f34a0a30a6d557bf4bf150374af0') in 0.0135679 seconds
Number of updated asset objects reloaded before import = 0Number of asset objects unloaded after import = 1

========================================================================
Received Import Request.
  Time since last request: 0.000020 seconds.
  path: Assets/prefabs
  artifactKey: Guid(2a6b6d99217321f45a53242fcf0093c0) Importer(2089858483,192608db42251d675da83286b1cce702)
Start importing Assets/prefabs using Guid(2a6b6d99217321f45a53242fcf0093c0) Importer(2089858483,192608db42251d675da83286b1cce702) (ScriptedImporter) -> (artifact id: '6d487e9de5ccd4e5c11c0bf2025506e1') in 0.0133852 seconds
Number of updated asset objects reloaded before import = 0Number of asset objects unloaded after import = 1

========================================================================
Received Import Request.
  Time since last request: 0.000086 seconds.
  path: Assets/Sound
  artifactKey: Guid(cbd46ee937c0b41478da251a54ea1e0b) Importer(2089858483,192608db42251d675da83286b1cce702)
Start importing Assets/Sound using Guid(cbd46ee937c0b41478da251a54ea1e0b) Importer(2089858483,192608db42251d675da83286b1cce702) (ScriptedImporter) -> (artifact id: '2861a0403704a9464151305091451f3a') in 0.0151325 seconds
Number of updated asset objects reloaded before import = 0Number of asset objects unloaded after import = 1

========================================================================
Received Import Request.
  Time since last request: 0.000072 seconds.
  path: Assets/art/Shop Icons
  artifactKey: Guid(a697a5b9b9706484487df4d9eef5fc46) Importer(2089858483,192608db42251d675da83286b1cce702)
Start importing Assets/art/Shop Icons using Guid(a697a5b9b9706484487df4d9eef5fc46) Importer(2089858483,192608db42251d675da83286b1cce702) (ScriptedImporter) -> (artifact id: '60670703a16642d1ea014967adf294a8') in 0.0150009 seconds
Number of updated asset objects reloaded before import = 0Number of asset objects unloaded after import = 1

========================================================================
Received Import Request.
  Time since last request: 0.000065 seconds.
  path: Assets/Sprites/Materials
  artifactKey: Guid(1c2bff4d4cadfb64980994cc6b0d4ebf) Importer(2089858483,192608db42251d675da83286b1cce702)
Start importing Assets/Sprites/Materials using Guid(1c2bff4d4cadfb64980994cc6b0d4ebf) Importer(2089858483,192608db42251d675da83286b1cce702) (ScriptedImporter) -> (artifact id: 'ec517f6390437364d834b2dd9f3bb987') in 0.0135887 seconds
Number of updated asset objects reloaded before import = 0Number of asset objects unloaded after import = 1

========================================================================
Received Import Request.
  Time since last request: 0.000069 seconds.
  path: Assets/UI/Shop
  artifactKey: Guid(21c28f4dd7466a24baea5c875f83ab5b) Importer(2089858483,192608db42251d675da83286b1cce702)
Start importing Assets/UI/Shop using Guid(21c28f4dd7466a24baea5c875f83ab5b) Importer(2089858483,192608db42251d675da83286b1cce702) (ScriptedImporter) -> (artifact id: 'b47e8f6b0f7c44ff0a2288f3c08967dd') in 0.0128171 seconds
Number of updated asset objects reloaded before import = 0Number of asset objects unloaded after import = 1

========================================================================
Received Import Request.
  Time since last request: 0.000095 seconds.
  path: Assets/UI/Temperature
  artifactKey: Guid(cbec232f77d57174598a6033991b52e4) Importer(2089858483,192608db42251d675da83286b1cce702)
Start importing Assets/UI/Temperature using Guid(cbec232f77d57174598a6033991b52e4) Importer(2089858483,192608db42251d675da83286b1cce702) (ScriptedImporter) -> (artifact id: 'caebad14026ca4cf3e8905f432d16971') in 0.0125426 seconds
Number of updated asset objects reloaded before import = 0Number of asset objects unloaded after import = 1

========================================================================
Received Import Request.
  Time since last request: 0.000065 seconds.
  path: Assets/UI/Tutorial
  artifactKey: Guid(43bad84ee6a70e0479d55d275e47a2a7) Importer(2089858483,192608db42251d675da83286b1cce702)
Start importing Assets/UI/Tutorial using Guid(43bad84ee6a70e0479d55d275e47a2a7) Importer(2089858483,192608db42251d675da83286b1cce702) (ScriptedImporter) -> (artifact id: 'd97b73d3fc70839e81b79ba9c31251b3') in 0.0136675 seconds
Number of updated asset objects reloaded before import = 0Number of asset objects unloaded after import = 1

========================================================================
Received Import Request.
  Time since last request: 0.000084 seconds.
  path: Assets/Textures
  artifactKey: Guid(e841597b06eb3684189725277c88e365) Importer(2089858483,192608db42251d675da83286b1cce702)
Start importing Assets/Textures using Guid(e841597b06eb3684189725277c88e365) Importer(2089858483,192608db42251d675da83286b1cce702) (ScriptedImporter) -> (artifact id: '31d89b156e3e9e4e9430f4a080b6cdac') in 0.0127181 seconds
Number of updated asset objects reloaded before import = 0Number of asset objects unloaded after import = 1

========================================================================
Received Import Request.
  Time since last request: 0.000050 seconds.
  path: Assets/UI/RevisedUI/MenuIcons
  artifactKey: Guid(f42def2b5fb3b644bb9b6f82327b6df5) Importer(2089858483,192608db42251d675da83286b1cce702)
Start importing Assets/UI/RevisedUI/MenuIcons using Guid(f42def2b5fb3b644bb9b6f82327b6df5) Importer(2089858483,192608db42251d675da83286b1cce702) (ScriptedImporter) -> (artifact id: '188648a1d20ee2a7acb9217cb082428f') in 0.0133891 seconds
Number of updated asset objects reloaded before import = 0Number of asset objects unloaded after import = 1

========================================================================
Received Import Request.
  Time since last request: 0.000061 seconds.
  path: Assets/UI/RevisedUI/MainMenu/01_Main Menu_Layers_PNGs
  artifactKey: Guid(41658aa29dd145d4d83cdcd74fddfdc9) Importer(2089858483,192608db42251d675da83286b1cce702)
Start importing Assets/UI/RevisedUI/MainMenu/01_Main Menu_Layers_PNGs using Guid(41658aa29dd145d4d83cdcd74fddfdc9) Importer(2089858483,192608db42251d675da83286b1cce702) (ScriptedImporter) -> (artifact id: 'ae5676be20d2886c401bb6a49aa8a5dc') in 0.014792 seconds
Number of updated asset objects reloaded before import = 0Number of asset objects unloaded after import = 1

========================================================================
Received Import Request.
  Time since last request: 0.000044 seconds.
  path: Assets/UI/RevisedUI/MenuBaseShapes
  artifactKey: Guid(273fdb20094069048995581668148ce1) Importer(2089858483,192608db42251d675da83286b1cce702)
Start importing Assets/UI/RevisedUI/MenuBaseShapes using Guid(273fdb20094069048995581668148ce1) Importer(2089858483,192608db42251d675da83286b1cce702) (ScriptedImporter) -> (artifact id: 'a4cc285a92439e1275b43c3c5be3dc26') in 0.0125825 seconds
Number of updated asset objects reloaded before import = 0Number of asset objects unloaded after import = 1

========================================================================
Received Import Request.
  Time since last request: 0.000100 seconds.
  path: Assets/UI/RevisedUI/TemperatureMenu
  artifactKey: Guid(62f61714b4fd2684aa76abb9201eea4a) Importer(2089858483,192608db42251d675da83286b1cce702)
Start importing Assets/UI/RevisedUI/TemperatureMenu using Guid(62f61714b4fd2684aa76abb9201eea4a) Importer(2089858483,192608db42251d675da83286b1cce702) (ScriptedImporter) -> (artifact id: 'cc723d885d50388fe8c8ecaa7c9dd7c9') in 0.0165042 seconds
Number of updated asset objects reloaded before import = 0Number of asset objects unloaded after import = 1

========================================================================
Received Import Request.
  Time since last request: 0.000067 seconds.
  path: Assets/Animations/Tutorial Animations/Tutorial 1.C Animations
  artifactKey: Guid(6cf534f3f946c194cadd343975679fbb) Importer(2089858483,192608db42251d675da83286b1cce702)
Start importing Assets/Animations/Tutorial Animations/Tutorial 1.C Animations using Guid(6cf534f3f946c194cadd343975679fbb) Importer(2089858483,192608db42251d675da83286b1cce702) (ScriptedImporter) -> (artifact id: '94a32eb5225fda0d13483bd643ee1d1c') in 0.0151905 seconds
Number of updated asset objects reloaded before import = 0Number of asset objects unloaded after import = 1

========================================================================
Received Import Request.
  Time since last request: 0.000026 seconds.
  path: Assets/UI/RevisedUI/TextUI
  artifactKey: Guid(a69a9d8ccd9ccf84f9b412c074278f77) Importer(2089858483,192608db42251d675da83286b1cce702)
Start importing Assets/UI/RevisedUI/TextUI using Guid(a69a9d8ccd9ccf84f9b412c074278f77) Importer(2089858483,192608db42251d675da83286b1cce702) (ScriptedImporter) -> (artifact id: 'aefed23d0a12968b299f2987c6f9e9e3') in 0.0142289 seconds
Number of updated asset objects reloaded before import = 0Number of asset objects unloaded after import = 1

========================================================================
Received Import Request.
  Time since last request: 0.000062 seconds.
  path: Assets/Animations/gameMenu Animations
  artifactKey: Guid(2ace22ae56baef64d90b2bb2e972311d) Importer(2089858483,192608db42251d675da83286b1cce702)
Start importing Assets/Animations/gameMenu Animations using Guid(2ace22ae56baef64d90b2bb2e972311d) Importer(2089858483,192608db42251d675da83286b1cce702) (ScriptedImporter) -> (artifact id: '73003896962ad6ab35252c05906d8330') in 0.0133924 seconds
Number of updated asset objects reloaded before import = 0Number of asset objects unloaded after import = 1

========================================================================
Received Import Request.
  Time since last request: 0.000101 seconds.
  path: Assets/textdata/icons
  artifactKey: Guid(b86e461e47633c14cb8dc764b881b764) Importer(2089858483,192608db42251d675da83286b1cce702)
Start importing Assets/textdata/icons using Guid(b86e461e47633c14cb8dc764b881b764) Importer(2089858483,192608db42251d675da83286b1cce702) (ScriptedImporter) -> (artifact id: '9ace70e74c6c3c6b7fca456c74a42512') in 0.0157804 seconds
Number of updated asset objects reloaded before import = 0Number of asset objects unloaded after import = 1

========================================================================
Received Import Request.
  Time since last request: 0.000040 seconds.
  path: Assets/prefabs/raw creatures
  artifactKey: Guid(eefe19b2a32b4eb44ad55c1491bd841d) Importer(2089858483,192608db42251d675da83286b1cce702)
Start importing Assets/prefabs/raw creatures using Guid(eefe19b2a32b4eb44ad55c1491bd841d) Importer(2089858483,192608db42251d675da83286b1cce702) (ScriptedImporter) -> (artifact id: '482e78494b0432cd7685e85aea13a21d') in 0.0142247 seconds
Number of updated asset objects reloaded before import = 0Number of asset objects unloaded after import = 1

========================================================================
Received Import Request.
  Time since last request: 0.000041 seconds.
  path: Assets/Animations/Organism Animations
  artifactKey: Guid(05d60d24be1fdad4881eeeaab641062b) Importer(2089858483,192608db42251d675da83286b1cce702)
Start importing Assets/Animations/Organism Animations using Guid(05d60d24be1fdad4881eeeaab641062b) Importer(2089858483,192608db42251d675da83286b1cce702) (ScriptedImporter) -> (artifact id: '0a6c3416a5cf8b49261c7527065c9827') in 0.0125519 seconds
Number of updated asset objects reloaded before import = 0Number of asset objects unloaded after import = 1

========================================================================
Received Import Request.
  Time since last request: 0.000112 seconds.
  path: Assets/WebGLSupport/WebGLInput
  artifactKey: Guid(23d83eab8f753b04fb7f1384ac6676a0) Importer(2089858483,192608db42251d675da83286b1cce702)
Start importing Assets/WebGLSupport/WebGLInput using Guid(23d83eab8f753b04fb7f1384ac6676a0) Importer(2089858483,192608db42251d675da83286b1cce702) (ScriptedImporter) -> (artifact id: 'dfa14d29964db5c29a863af369e09e9e') in 0.0141052 seconds
Number of updated asset objects reloaded before import = 0Number of asset objects unloaded after import = 1

========================================================================
Received Import Request.
  Time since last request: 0.000071 seconds.
  path: Assets/Animations/Arrow Animations
  artifactKey: Guid(515f96a58011fab4f9b3268e06d657c1) Importer(2089858483,192608db42251d675da83286b1cce702)
Start importing Assets/Animations/Arrow Animations using Guid(515f96a58011fab4f9b3268e06d657c1) Importer(2089858483,192608db42251d675da83286b1cce702) (ScriptedImporter) -> (artifact id: 'cd363e64e882c3251503e4a598dfcf9e') in 0.0155448 seconds
Number of updated asset objects reloaded before import = 0Number of asset objects unloaded after import = 1

========================================================================
Received Import Request.
  Time since last request: 0.000048 seconds.
  path: Assets/Sprites/creatures
  artifactKey: Guid(dafd9d7952a282b428f747a5f1c7fddf) Importer(2089858483,192608db42251d675da83286b1cce702)
Start importing Assets/Sprites/creatures using Guid(dafd9d7952a282b428f747a5f1c7fddf) Importer(2089858483,192608db42251d675da83286b1cce702) (ScriptedImporter) -> (artifact id: '84f55a94d4e5715f780dd58db156f6ba') in 0.017889 seconds
Number of updated asset objects reloaded before import = 0Number of asset objects unloaded after import = 1

========================================================================
Received Import Request.
  Time since last request: 0.000027 seconds.
  path: Assets/scenes/new_ui_scene
  artifactKey: Guid(71ba3b861cb71df419cc5572e179407d) Importer(2089858483,192608db42251d675da83286b1cce702)
Start importing Assets/scenes/new_ui_scene using Guid(71ba3b861cb71df419cc5572e179407d) Importer(2089858483,192608db42251d675da83286b1cce702) (ScriptedImporter) -> (artifact id: 'd0edb3932451e61af61ab74d8b968688') in 0.0129532 seconds
Number of updated asset objects reloaded before import = 0Number of asset objects unloaded after import = 1

========================================================================
Received Import Request.
  Time since last request: 0.000083 seconds.
  path: Assets/scripts
  artifactKey: Guid(0ed4dffe0ef75c042ad224ec3d7eb4a0) Importer(2089858483,192608db42251d675da83286b1cce702)
Start importing Assets/scripts using Guid(0ed4dffe0ef75c042ad224ec3d7eb4a0) Importer(2089858483,192608db42251d675da83286b1cce702) (ScriptedImporter) -> (artifact id: '808db8f42b28070788ee43f0015c8e26') in 0.0180285 seconds
Number of updated asset objects reloaded before import = 0Number of asset objects unloaded after import = 1

========================================================================
Received Import Request.
  Time since last request: 0.000089 seconds.
  path: Assets/WebGLSupport/WebGLWindow
  artifactKey: Guid(ef582d6b11c3602438e4a301923e45dc) Importer(2089858483,192608db42251d675da83286b1cce702)
Start importing Assets/WebGLSupport/WebGLWindow using Guid(ef582d6b11c3602438e4a301923e45dc) Importer(2089858483,192608db42251d675da83286b1cce702) (ScriptedImporter) -> (artifact id: '5260e2dff20f9f146a8c0836791a3d3c') in 0.0193895 seconds
Number of updated asset objects reloaded before import = 0Number of asset objects unloaded after import = 1

========================================================================
Received Import Request.
  Time since last request: 0.000082 seconds.
  path: Assets/scenes/main_menu
  artifactKey: Guid(11892ecb2f2bfc4409d2fdeb6877942a) Importer(2089858483,192608db42251d675da83286b1cce702)
Start importing Assets/scenes/main_menu using Guid(11892ecb2f2bfc4409d2fdeb6877942a) Importer(2089858483,192608db42251d675da83286b1cce702) (ScriptedImporter) -> (artifact id: 'd592ff683f4a64865d9216723193ab70') in 0.0167151 seconds
Number of updated asset objects reloaded before import = 0Number of asset objects unloaded after import = 1

========================================================================
Received Import Request.
  Time since last request: 0.000073 seconds.
  path: Assets/art/environment
  artifactKey: Guid(0e83af5ef7ab34640a57ca4776ae5b21) Importer(2089858483,192608db42251d675da83286b1cce702)
Start importing Assets/art/environment using Guid(0e83af5ef7ab34640a57ca4776ae5b21) Importer(2089858483,192608db42251d675da83286b1cce702) (ScriptedImporter) -> (artifact id: '12a7beb1b6888608c4d477dc4ce2afb7') in 0.0167282 seconds
Number of updated asset objects reloaded before import = 0Number of asset objects unloaded after import = 1

========================================================================
Received Import Request.
  Time since last request: 0.000060 seconds.
  path: Assets/Saves
  artifactKey: Guid(4cb3f4c2f8a25804698758054b09f4c7) Importer(2089858483,192608db42251d675da83286b1cce702)
Start importing Assets/Saves using Guid(4cb3f4c2f8a25804698758054b09f4c7) Importer(2089858483,192608db42251d675da83286b1cce702) (ScriptedImporter) -> (artifact id: 'ba3d3d4dbebc44a70c97d31ac6a73764') in 0.0150794 seconds
Number of updated asset objects reloaded before import = 0Number of asset objects unloaded after import = 1

========================================================================
Received Import Request.
  Time since last request: 0.000075 seconds.
  path: Assets/_Recovery
  artifactKey: Guid(1c30faddcddcc8c40a55141566d88634) Importer(2089858483,192608db42251d675da83286b1cce702)
Start importing Assets/_Recovery using Guid(1c30faddcddcc8c40a55141566d88634) Importer(2089858483,192608db42251d675da83286b1cce702) (ScriptedImporter) -> (artifact id: 'f23c9905348f2bbfa952ad8e9da54d97') in 0.0143103 seconds
Number of updated asset objects reloaded before import = 0Number of asset objects unloaded after import = 1

========================================================================
Received Import Request.
  Time since last request: 0.000039 seconds.
  path: Assets/Sprites/lures
  artifactKey: Guid(ccd393481bcbe984cb5812f0302c6d0f) Importer(2089858483,192608db42251d675da83286b1cce702)
Start importing Assets/Sprites/lures using Guid(ccd393481bcbe984cb5812f0302c6d0f) Importer(2089858483,192608db42251d675da83286b1cce702) (ScriptedImporter) -> (artifact id: 'c843112d1ac6c5f9dda125eb00ba13aa') in 0.0135752 seconds
Number of updated asset objects reloaded before import = 0Number of asset objects unloaded after import = 1

========================================================================
Received Import Request.
  Time since last request: 0.000086 seconds.
  path: Assets/UI/RevisedUI/MainMenu/02_Main Menu_Level Select_PNGS
  artifactKey: Guid(903ea69b9e34c8c4d8bb5a27a1758d36) Importer(2089858483,192608db42251d675da83286b1cce702)
Start importing Assets/UI/RevisedUI/MainMenu/02_Main Menu_Level Select_PNGS using Guid(903ea69b9e34c8c4d8bb5a27a1758d36) Importer(2089858483,192608db42251d675da83286b1cce702) (ScriptedImporter) -> (artifact id: '3dec0c37e37bbafbd8a2bb733aa74125') in 0.0145929 seconds
Number of updated asset objects reloaded before import = 0Number of asset objects unloaded after import = 1

========================================================================
Received Import Request.
  Time since last request: 0.000085 seconds.
  path: Assets/UI/RevisedUI/PyramidMenu
  artifactKey: Guid(6afeb1316d365f848a9e01f1a7af9a36) Importer(2089858483,192608db42251d675da83286b1cce702)
Start importing Assets/UI/RevisedUI/PyramidMenu using Guid(6afeb1316d365f848a9e01f1a7af9a36) Importer(2089858483,192608db42251d675da83286b1cce702) (ScriptedImporter) -> (artifact id: 'd7d340918b7d8b34abe799bb41919065') in 0.0165932 seconds
Number of updated asset objects reloaded before import = 0Number of asset objects unloaded after import = 1

========================================================================
Received Import Request.
  Time since last request: 0.000046 seconds.
  path: Assets/prefabs/particles
  artifactKey: Guid(7febdbe90d5063b4da491cac4fcdf264) Importer(2089858483,192608db42251d675da83286b1cce702)
Start importing Assets/prefabs/particles using Guid(7febdbe90d5063b4da491cac4fcdf264) Importer(2089858483,192608db42251d675da83286b1cce702) (ScriptedImporter) -> (artifact id: '4607e4c9ca52ce25747b3f4661127b73') in 0.0154291 seconds
Number of updated asset objects reloaded before import = 0Number of asset objects unloaded after import = 1

========================================================================
Received Import Request.
  Time since last request: 0.000104 seconds.
  path: Assets/scripts/DataCollection
  artifactKey: Guid(0fc73b7ebdebf304b98b9c3b110009ef) Importer(2089858483,192608db42251d675da83286b1cce702)
Start importing Assets/scripts/DataCollection using Guid(0fc73b7ebdebf304b98b9c3b110009ef) Importer(2089858483,192608db42251d675da83286b1cce702) (ScriptedImporter) -> (artifact id: '3079f1f6a8006b73156b52952b970db1') in 0.0218956 seconds
Number of updated asset objects reloaded before import = 0Number of asset objects unloaded after import = 1

========================================================================
Received Import Request.
  Time since last request: 0.000029 seconds.
  path: Assets/WebGLSupport/WebGLInput/Detail
  artifactKey: Guid(dd840bb14379149498902237a63bb794) Importer(2089858483,192608db42251d675da83286b1cce702)
Start importing Assets/WebGLSupport/WebGLInput/Detail using Guid(dd840bb14379149498902237a63bb794) Importer(2089858483,192608db42251d675da83286b1cce702) (ScriptedImporter) -> (artifact id: '48263b6a9ad3942d6802d5fdbe33c6e6') in 0.0434472 seconds
Number of updated asset objects reloaded before import = 0Number of asset objects unloaded after import = 1

========================================================================
Received Import Request.
  Time since last request: 0.000055 seconds.
  path: Assets/scripts/Tutorial
  artifactKey: Guid(1787f33260be9ab44bd71fb18dad0339) Importer(2089858483,192608db42251d675da83286b1cce702)
Start importing Assets/scripts/Tutorial using Guid(1787f33260be9ab44bd71fb18dad0339) Importer(2089858483,192608db42251d675da83286b1cce702) (ScriptedImporter) -> (artifact id: '9d548e2525c0a26bce0f9a3834c2410a') in 0.0210755 seconds
Number of updated asset objects reloaded before import = 0Number of asset objects unloaded after import = 1

========================================================================
Received Import Request.
  Time since last request: 0.000065 seconds.
  path: Assets/textdata
  artifactKey: Guid(9c2d3ec49a2e5f24e954e25739f250a2) Importer(2089858483,192608db42251d675da83286b1cce702)
Start importing Assets/textdata using Guid(9c2d3ec49a2e5f24e954e25739f250a2) Importer(2089858483,192608db42251d675da83286b1cce702) (ScriptedImporter) -> (artifact id: '8d4ec095b3c9945cb4787f08dc671784') in 0.0133665 seconds
Number of updated asset objects reloaded before import = 0Number of asset objects unloaded after import = 1

========================================================================
Received Import Request.
  Time since last request: 3.271888 seconds.
  path: Assets/scenes/simulation.unity
  artifactKey: Guid(9ee56bbcb1cce40458b931a69203d6e0) Importer(815301076,1909f56bfc062723c751e8b465ee728b)
Start importing Assets/scenes/simulation.unity using Guid(9ee56bbcb1cce40458b931a69203d6e0) Importer(815301076,1909f56bfc062723c751e8b465ee728b) (PreviewImporter) -> (artifact id: '8457ac7f911f5094b1c09a3775dcbf39') in 0.0006044 seconds
Number of updated asset objects reloaded before import = 0Number of asset objects unloaded after import = 0

